// Jest Snapshot v1, https://goo.gl/fbAQLP

exports[`error alert component renders correctly 1`] = `
<div
  className="alert-container"
>
  <Alert
    closeAriaLabel="Close"
    color="danger"
    fade={true}
    isOpen={true}
    tag="div"
    toggle={[Function]}
    transition={
      Object {
        "appear": true,
        "baseClass": "fade",
        "baseClassActive": "show",
        "enter": true,
        "exit": true,
        "in": true,
        "mountOnEnter": false,
        "onEnter": [Function],
        "onEntered": [Function],
        "onEntering": [Function],
        "onExit": [Function],
        "onExited": [Function],
        "onExiting": [Function],
        "tag": "div",
        "timeout": 150,
        "unmountOnExit": true,
      }
    }
  >
    <p
      className="mb-0"
      key="ErrorMessage-0"
    >
      error
    </p>
  </Alert>
</div>
`;
