// Jest Snapshot v1, https://goo.gl/fbAQLP

exports[`auth password modal renders correctly 1`] = `
<Fragment>
  <ModalHeader
    charCode={215}
    closeAriaLabel="Close"
    tag="h5"
    toggle={[Function]}
    wrapTag="div"
  >
    Welcome back!
  </ModalHeader>
  <ModalBody
    tag="div"
  >
    <Form
      onSubmit={[Function]}
      tag="form"
    >
      <Input
        helperText=""
        id="password"
        label="Password"
        name="password"
        onChange={[Function]}
        placeholder=""
        required={true}
        type="password"
        value=""
      />
      <div
        className="text-center"
      >
        <Button
          color="secondary"
          tag="button"
        >
          Letâ€™s Go
        </Button>
      </div>
    </Form>
  </ModalBody>
  <ModalFooter
    tag="div"
  >
    <Button
      color="link"
      id="forgot-password"
      onClick={[Function]}
      tag="button"
    >
      Forgot password?
    </Button>
  </ModalFooter>
</Fragment>
`;
